error: log field `password` is named like a secret
  --> $DIR/secret_field_in_log.rs:20:11
   |
LL |     info!(password = %password, "login");
   |           ^^^^^^^^
   |
   = help: secrets must never be logged at any level; remove the field
   = note: `#[deny(secret_field_in_log)]` on by default

error: log field `client_secret` is named like a secret
  --> $DIR/secret_field_in_log.rs:21:11
   |
LL |     warn!(client_secret = "s3cr3t", "client");
   |           ^^^^^^^^^^^^^
   |
   = help: secrets must never be logged at any level; remove the field

error: log field `token` is named like a secret
  --> $DIR/secret_field_in_log.rs:22:12
   |
LL |     debug!(token = %token, "issued");
   |            ^^^^^
   |
   = help: secrets must never be logged at any level; remove the field

error: log field `code` is named like a secret
  --> $DIR/secret_field_in_log.rs:23:12
   |
LL |     trace!(code = "123456", "mailed");
   |            ^^^^
   |
   = help: secrets must never be logged at any level; remove the field

error: log field `password` is named like a secret
  --> $DIR/secret_field_in_log.rs:24:13
   |
LL |     error!(?password, "failed");
   |             ^^^^^^^^
   |
   = help: secrets must never be logged at any level; remove the field

error: log field `password` is named like a secret
  --> $DIR/secret_field_in_log.rs:25:11
   |
LL |     warn!(password, "shorthand");
   |           ^^^^^^^^
   |
   = help: secrets must never be logged at any level; remove the field

error: log field `dpop_proof` is named like a secret
  --> $DIR/secret_field_in_log.rs:26:11
   |
LL |     info!(dpop_proof = "proof", "bound");
   |           ^^^^^^^^^^
   |
   = help: secrets must never be logged at any level; remove the field

error: log field `authorization` is named like a secret
  --> $DIR/secret_field_in_log.rs:27:11
   |
LL |     info!(authorization = "Basic x", "header");
   |           ^^^^^^^^^^^^^
   |
   = help: secrets must never be logged at any level; remove the field

error: log field `cookie` is named like a secret
  --> $DIR/secret_field_in_log.rs:28:11
   |
LL |     info!(cookie = "session=..", "header");
   |           ^^^^^^
   |
   = help: secrets must never be logged at any level; remove the field

error: log field `session_id` records a session identifier at INFO level
  --> $DIR/secret_field_in_log.rs:40:11
   |
LL |     info!(session_id = "s", "not a secret-name rule");
   |           ^^^^^^^^^^
   |
   = help: session IDs are DEBUG at most; lower the event level or drop the field
   = note: `#[deny(session_id_in_log)]` on by default

error: span field `secret` is named like a secret
  --> $DIR/secret_field_in_log.rs:45:30
   |
LL | #[tracing::instrument(fields(secret = "x"))]
   |                              ^^^^^^
   |
   = help: secrets must never be logged at any level; remove the field

error: span field `token` is named like a secret
  --> $DIR/secret_field_in_log.rs:48:30
   |
LL | #[tracing::instrument(fields(token = %token))]
   |                              ^^^^^
   |
   = help: secrets must never be logged at any level; remove the field

error: aborting due to 12 previous errors

