error: value of secret type `secret_typed_value_in_log::models::Password` recorded in a log field
  --> $DIR/secret_typed_value_in_log.rs:39:29
   |
LL |     tracing::info!(field = %password, "display form");
   |                             ^^^^^^^^
   |
   = help: secret values must never be logged; log an identifier, hash, or length instead
   = note: `#[deny(secret_typed_value_in_log)]` on by default

error: value of secret type `secret_typed_value_in_log::models::Credential` recorded in a log field
  --> $DIR/secret_typed_value_in_log.rs:40:29
   |
LL |     tracing::info!(field = ?credential, "debug form");
   |                             ^^^^^^^^^^
   |
   = help: secret values must never be logged; log an identifier, hash, or length instead

error: value of secret type `secret_typed_value_in_log::models::Password` recorded in a log field
  --> $DIR/secret_typed_value_in_log.rs:41:29
   |
LL |     tracing::warn!(field = %password_ref, "through a reference");
   |                             ^^^^^^^^^^^^
   |
   = help: secret values must never be logged; log an identifier, hash, or length instead

error: value of secret type `secret_typed_value_in_log::models::Password` recorded in a log field
  --> $DIR/secret_typed_value_in_log.rs:42:30
   |
LL |     tracing::debug!(field = %password, "any level");
   |                              ^^^^^^^^
   |
   = help: secret values must never be logged; log an identifier, hash, or length instead

error: aborting due to 4 previous errors

